P4 sweep: 1542 jobs total, 0 already done; workers=24, cap=$100.0
== P1-fever: 672/672 jobs to run
[1/1542] P1-fever relay/vanilla/feverc_009 outcome=correct run=$0.001 sweep=$0.00
[2/1542] P1-fever relay/vanilla/feverc_020 outcome=wrong_confident run=$0.001 sweep=$0.00
[3/1542] P1-fever relay/vanilla/feverc_022 outcome=correct run=$0.001 sweep=$0.00
[4/1542] P1-fever relay/vanilla/feverc_007 outcome=correct run=$0.003 sweep=$0.03
[5/1542] P1-fever relay/vanilla/feverc_013 outcome=correct run=$0.005 sweep=$0.03
[6/1542] P1-fever relay/vanilla/feverc_014 outcome=wrong_confident run=$0.006 sweep=$0.03
[7/1542] P1-fever relay/vanilla/feverc_023 outcome=wrong_confident run=$0.006 sweep=$0.03
[8/1542] P1-fever relay/vanilla/feverc_016 outcome=correct run=$0.007 sweep=$0.07
[9/1542] P1-fever relay/vanilla/feverc_011 outcome=wrong_confident run=$0.007 sweep=$0.07
[10/1542] P1-fever relay/vanilla/feverc_028 outcome=correct run=$0.005 sweep=$0.07
[11/1542] P1-fever relay/vanilla/feverc_000 outcome=correct run=$0.007 sweep=$0.07
[12/1542] P1-fever relay/vanilla/feverc_002 outcome=wrong_confident run=$0.008 sweep=$0.10
[13/1542] P1-fever relay/vanilla/feverc_015 outcome=correct run=$0.010 sweep=$0.10
[14/1542] P1-fever relay/vanilla/feverc_018 outcome=correct run=$0.009 sweep=$0.10
[15/1542] P1-fever relay/vanilla/feverc_019 outcome=correct run=$0.011 sweep=$0.10
[16/1542] P1-fever relay/vanilla/feverc_030 outcome=correct run=$0.006 sweep=$0.10
[17/1542] P1-fever relay/vanilla/feverc_006 outcome=correct run=$0.006 sweep=$0.10
[18/1542] P1-fever relay/vanilla/feverc_027 outcome=correct run=$0.005 sweep=$0.10
[19/1542] P1-fever relay/vanilla/feverc_026 outcome=wrong_confident run=$0.007 sweep=$0.15
[20/1542] P1-fever relay/vanilla/feverc_037 outcome=correct run=$0.005 sweep=$0.15
[21/1542] P1-fever relay/vanilla/feverc_034 outcome=correct run=$0.006 sweep=$0.15
[22/1542] P1-fever relay/vanilla/feverc_035 outcome=wrong_confident run=$0.007 sweep=$0.17
[23/1542] P1-fever relay/vanilla/feverc_040 outcome=correct run=$0.007 sweep=$0.17
[24/1542] P1-fever relay/vanilla/feverc_031 outcome=correct run=$0.011 sweep=$0.19
[25/1542] P1-fever relay/vanilla/feverc_039 outcome=correct run=$0.007 sweep=$0.19
[26/1542] P1-fever relay/vanilla/feverc_003 outcome=wrong_confident run=$0.015 sweep=$0.20
[27/1542] P1-fever relay/vanilla/feverc_045 outcome=correct run=$0.006 sweep=$0.20
[28/1542] P1-fever relay/vanilla/feverc_047 outcome=correct run=$0.006 sweep=$0.22
[29/1542] P1-fever relay/full/feverc_000 outcome=correct run=$0.008 sweep=$0.23
[30/1542] P1-fever relay/full/feverc_004 outcome=correct run=$0.009 sweep=$0.32
[31/1542] P1-fever relay/vanilla/feverc_021 outcome=correct run=$0.031 sweep=$0.32
[32/1542] P1-fever relay/vanilla/feverc_004 outcome=correct run=$0.030 sweep=$0.36
[33/1542] P1-fever relay/full/feverc_006 outcome=correct run=$0.006 sweep=$0.36
[34/1542] P1-fever relay/full/feverc_005 outcome=wrong_confident run=$0.008 sweep=$0.36
[35/1542] P1-fever relay/vanilla/feverc_038 outcome=wrong_confident run=$0.025 sweep=$0.40
[36/1542] P1-fever relay/vanilla/feverc_036 outcome=correct run=$0.031 sweep=$0.47
[37/1542] P1-fever relay/vanilla/feverc_024 outcome=correct run=$0.033 sweep=$0.47
[38/1542] P1-fever relay/full/feverc_007 outcome=correct run=$0.008 sweep=$0.47
[39/1542] P1-fever relay/full/feverc_009 outcome=correct run=$0.004 sweep=$0.48
[40/1542] P1-fever relay/full/feverc_013 outcome=correct run=$0.003 sweep=$0.54
[41/1542] P1-fever relay/full/feverc_010 outcome=correct run=$0.008 sweep=$0.60
[42/1542] P1-fever relay/full/feverc_011 outcome=wrong_confident run=$0.008 sweep=$0.60
[43/1542] P1-fever relay/vanilla/feverc_044 outcome=correct run=$0.030 sweep=$0.60
[44/1542] P1-fever relay/full/feverc_016 outcome=correct run=$0.002 sweep=$0.61
[45/1542] P1-fever relay/vanilla/feverc_012 outcome=wrong_confident run=$0.032 sweep=$0.61
[46/1542] P1-fever relay/vanilla/feverc_033 outcome=correct run=$0.032 sweep=$0.65
[47/1542] P1-fever relay/full/feverc_020 outcome=wrong_confident run=$0.001 sweep=$0.65
[48/1542] P1-fever relay/vanilla/feverc_032 outcome=wrong_confident run=$0.038 sweep=$0.65
[49/1542] P1-fever relay/full/feverc_017 outcome=wrong_confident run=$0.008 sweep=$0.72
[50/1542] P1-fever relay/vanilla/feverc_001 outcome=correct run=$0.032 sweep=$0.72
[51/1542] P1-fever relay/vanilla/feverc_029 outcome=wrong_confident run=$0.046 sweep=$0.79
[52/1542] P1-fever relay/full/feverc_002 outcome=wrong_confident run=$0.034 sweep=$0.85
[53/1542] P1-fever relay/full/feverc_022 outcome=correct run=$0.007 sweep=$0.93
[54/1542] P1-fever relay/full/feverc_028 outcome=correct run=$0.003 sweep=$0.96
[55/1542] P1-fever relay/full/feverc_026 outcome=wrong_confident run=$0.006 sweep=$0.96
[56/1542] P1-fever relay/full/feverc_001 outcome=correct run=$0.040 sweep=$1.02
[57/1542] P1-fever relay/vanilla/feverc_010 outcome=correct run=$0.010 sweep=$1.03
[58/1542] P1-fever relay/full/feverc_032 outcome=wrong_confident run=$0.006 sweep=$1.03
[59/1542] P1-fever relay/full/feverc_031 outcome=correct run=$0.015 sweep=$1.05
[60/1542] P1-fever relay/full/feverc_034 outcome=correct run=$0.006 sweep=$1.06
[61/1542] P1-fever relay/vanilla/feverc_008 outcome=wrong_confident run=$0.040 sweep=$1.07
[62/1542] P1-fever relay/full/feverc_014 outcome=wrong_confident run=$0.003 sweep=$1.07
[63/1542] P1-fever relay/full/feverc_037 outcome=correct run=$0.002 sweep=$1.07
[64/1542] P1-fever relay/full/feverc_021 outcome=correct run=$0.004 sweep=$1.11
[65/1542] P1-fever relay/full/feverc_024 outcome=correct run=$0.006 sweep=$1.12
[66/1542] P1-fever relay/full/feverc_033 outcome=correct run=$0.037 sweep=$1.12
[67/1542] P1-fever relay/full/feverc_023 outcome=wrong_confident run=$0.009 sweep=$1.13
[68/1542] P1-fever relay/full/feverc_041 outcome=correct run=$0.003 sweep=$1.13
[69/1542] P1-fever relay/vanilla/feverc_005 outcome=wrong_confident run=$0.043 sweep=$1.15
[70/1542] P1-fever relay/full/feverc_043 outcome=correct run=$0.006 sweep=$1.16
[71/1542] P1-fever relay/vanilla/feverc_042 outcome=correct run=$0.036 sweep=$1.16
[72/1542] P1-fever relay/full/feverc_019 outcome=wrong_confident run=$0.022 sweep=$1.16
[73/1542] P1-fever relay/full/feverc_044 outcome=correct run=$0.003 sweep=$1.16
[74/1542] P1-fever relay/full/feverc_003 outcome=wrong_confident run=$0.052 sweep=$1.22
[75/1542] P1-fever relay/vanilla/feverc_025 outcome=correct run=$0.039 sweep=$1.22
[76/1542] P1-fever relay/full/feverc_030 outcome=correct run=$0.009 sweep=$1.25
[77/1542] P1-fever relay/full/feverc_008 outcome=wrong_confident run=$0.033 sweep=$1.25
[78/1542] P1-fever relay/full/feverc_029 outcome=wrong_confident run=$0.012 sweep=$1.25
[79/1542] P1-fever relay/full/feverc_045 outcome=correct run=$0.007 sweep=$1.25
[80/1542] P1-fever relay/sop/feverc_001 outcome=correct run=$0.007 sweep=$1.26
[81/1542] P1-fever relay/sop/feverc_000 outcome=correct run=$0.006 sweep=$1.26
[82/1542] P1-fever relay/full/feverc_046 outcome=wrong_confident run=$0.009 sweep=$1.27
[83/1542] P1-fever relay/sop/feverc_009 outcome=correct run=$0.006 sweep=$1.31
[84/1542] P1-fever relay/full/feverc_035 outcome=wrong_confident run=$0.033 sweep=$1.32
[85/1542] P1-fever relay/sop/feverc_006 outcome=correct run=$0.007 sweep=$1.32
[86/1542] P1-fever relay/sop/feverc_007 outcome=correct run=$0.003 sweep=$1.32
[87/1542] P1-fever relay/sop/feverc_010 outcome=correct run=$0.005 sweep=$1.35
[88/1542] P1-fever relay/sop/feverc_004 outcome=correct run=$0.009 sweep=$1.35
[89/1542] P1-fever relay/sop/feverc_013 outcome=correct run=$0.005 sweep=$1.39
[90/1542] P1-fever relay/sop/feverc_014 outcome=wrong_confident run=$0.001 sweep=$1.39
[91/1542] P1-fever relay/sop/feverc_011 outcome=wrong_confident run=$0.006 sweep=$1.47
[92/1542] P1-fever relay/full/feverc_039 outcome=correct run=$0.031 sweep=$1.47
[93/1542] P1-fever relay/sop/feverc_015 outcome=correct run=$0.008 sweep=$1.57
[94/1542] P1-fever relay/sop/feverc_017 outcome=wrong_confident run=$0.007 sweep=$1.64
[95/1542] P1-fever relay/full/feverc_036 outcome=correct run=$0.035 sweep=$1.64
[96/1542] P1-fever relay/sop/feverc_016 outcome=correct run=$0.007 sweep=$1.64
[97/1542] P1-fever relay/sop/feverc_020 outcome=wrong_confident run=$0.003 sweep=$1.68
[98/1542] P1-fever relay/full/feverc_038 outcome=wrong_confident run=$0.035 sweep=$1.68
[99/1542] P1-fever relay/sop/feverc_022 outcome=correct run=$0.003 sweep=$1.68
[100/1542] P1-fever relay/full/feverc_040 outcome=correct run=$0.032 sweep=$1.70
[101/1542] P1-fever relay/sop/feverc_018 outcome=correct run=$0.007 sweep=$1.70
[102/1542] P1-fever relay/vanilla/feverc_017 outcome=wrong_confident run=$0.088 sweep=$1.70
[103/1542] P1-fever relay/sop/feverc_023 outcome=wrong_confident run=$0.007 sweep=$1.80
[104/1542] P1-fever relay/full/feverc_015 outcome=correct run=$0.065 sweep=$1.80
[105/1542] P1-fever relay/sop/feverc_021 outcome=correct run=$0.006 sweep=$1.80
[106/1542] P1-fever relay/sop/feverc_028 outcome=correct run=$0.005 sweep=$1.80
[107/1542] P1-fever relay/sop/feverc_027 outcome=correct run=$0.005 sweep=$1.84
[108/1542] P1-fever relay/full/feverc_027 outcome=correct run=$0.057 sweep=$1.91
[109/1542] P1-fever relay/sop/feverc_025 outcome=correct run=$0.007 sweep=$1.91
[110/1542] P1-fever relay/full/feverc_012 outcome=wrong_confident run=$0.066 sweep=$1.91
[111/1542] P1-fever relay/sop/feverc_032 outcome=wrong_confident run=$0.006 sweep=$1.94
[112/1542] P1-fever relay/sop/feverc_029 outcome=wrong_confident run=$0.008 sweep=$1.94
[113/1542] P1-fever relay/sop/feverc_026 outcome=wrong_confident run=$0.006 sweep=$1.94
[114/1542] P1-fever relay/sop/feverc_030 outcome=correct run=$0.006 sweep=$1.95
[115/1542] P1-fever relay/sop/feverc_041 outcome=correct run=$0.005 sweep=$1.96
[116/1542] P1-fever relay/sop/feverc_040 outcome=correct run=$0.007 sweep=$1.97
[117/1542] P1-fever relay/sop/feverc_042 outcome=correct run=$0.009 sweep=$1.98
[118/1542] P1-fever relay/sop/feverc_043 outcome=correct run=$0.007 sweep=$1.98
[119/1542] P1-fever relay/full/feverc_025 outcome=correct run=$0.010 sweep=$1.98
[120/1542] P1-fever relay/sop/feverc_045 outcome=correct run=$0.006 sweep=$2.00
[121/1542] P1-fever relay/sop/feverc_044 outcome=correct run=$0.005 sweep=$2.00
[122/1542] P1-fever relay/vanilla/feverc_046 outcome=wrong_confident run=$0.040 sweep=$2.00
[123/1542] P1-fever relay/sop/feverc_047 outcome=correct run=$0.005 sweep=$2.02
[124/1542] P1-fever relay/sop/feverc_046 outcome=wrong_confident run=$0.010 sweep=$2.04
[125/1542] P1-fever relay/down/feverc_000 outcome=correct run=$0.007 sweep=$2.04
[126/1542] P1-fever relay/down/feverc_001 outcome=correct run=$0.008 sweep=$2.04
[127/1542] P1-fever relay/sop/feverc_008 outcome=wrong_confident run=$0.005 sweep=$2.05
[128/1542] P1-fever relay/down/feverc_006 outcome=correct run=$0.010 sweep=$2.12
[129/1542] P1-fever relay/down/feverc_007 outcome=correct run=$0.008 sweep=$2.20
[130/1542] P1-fever relay/vanilla/feverc_041 outcome=correct run=$0.066 sweep=$2.24
[131/1542] P1-fever relay/full/feverc_042 outcome=correct run=$0.067 sweep=$2.24
[132/1542] P1-fever relay/down/feverc_009 outcome=correct run=$0.001 sweep=$2.24
[133/1542] P1-fever relay/down/feverc_004 outcome=correct run=$0.033 sweep=$2.24
[134/1542] P1-fever relay/down/feverc_003 outcome=correct run=$0.030 sweep=$2.35
[135/1542] P1-fever relay/full/feverc_018 outcome=correct run=$0.040 sweep=$2.37
[136/1542] P1-fever relay/sop/feverc_031 outcome=correct run=$0.012 sweep=$2.37
[137/1542] P1-fever relay/sop/feverc_034 outcome=correct run=$0.005 sweep=$2.38
[138/1542] P1-fever relay/down/feverc_008 outcome=wrong_confident run=$0.008 sweep=$2.41
[139/1542] P1-fever relay/sop/feverc_003 outcome=correct run=$0.036 sweep=$2.41
[140/1542] P1-fever relay/sop/feverc_019 outcome=correct run=$0.020 sweep=$2.41
[141/1542] P1-fever relay/sop/feverc_036 outcome=correct run=$0.008 sweep=$2.46
[142/1542] P1-fever relay/down/feverc_013 outcome=correct run=$0.007 sweep=$2.46
[143/1542] P1-fever relay/down/feverc_020 outcome=wrong_confident run=$0.001 sweep=$2.46
[144/1542] P1-fever relay/down/feverc_022 outcome=correct run=$0.001 sweep=$2.53
[145/1542] P1-fever relay/full/feverc_047 outcome=correct run=$0.068 sweep=$2.53
[146/1542] P1-fever relay/sop/feverc_012 outcome=correct run=$0.057 sweep=$2.53
[147/1542] P1-fever relay/down/feverc_014 outcome=wrong_confident run=$0.009 sweep=$2.53
[148/1542] P1-fever relay/down/feverc_016 outcome=correct run=$0.009 sweep=$2.53
[149/1542] P1-fever relay/vanilla/feverc_043 outcome=correct run=$0.106 sweep=$2.67
[150/1542] P1-fever relay/down/feverc_023 outcome=wrong_confident run=$0.007 sweep=$2.70
[151/1542] P1-fever relay/down/feverc_028 outcome=correct run=$0.006 sweep=$2.72
[152/1542] P1-fever relay/sop/feverc_002 outcome=wrong_confident run=$0.049 sweep=$2.72
[153/1542] P1-fever relay/down/feverc_005 outcome=wrong_confident run=$0.047 sweep=$2.82
[154/1542] P1-fever relay/sop/feverc_033 outcome=correct run=$0.057 sweep=$2.95
[155/1542] P1-fever relay/sop/feverc_038 outcome=wrong_confident run=$0.032 sweep=$2.95
[156/1542] P1-fever relay/sop/feverc_035 outcome=wrong_confident run=$0.034 sweep=$3.05
[157/1542] P1-fever relay/down/feverc_034 outcome=correct run=$0.003 sweep=$3.06
[158/1542] P1-fever relay/down/feverc_033 outcome=correct run=$0.008 sweep=$3.13
[159/1542] P1-fever relay/sop/feverc_005 outcome=wrong_confident run=$0.085 sweep=$3.30
[160/1542] P1-fever relay/down/feverc_026 outcome=wrong_confident run=$0.035 sweep=$3.30
[161/1542] P1-fever relay/sop/feverc_039 outcome=correct run=$0.034 sweep=$3.30
[162/1542] P1-fever relay/down/feverc_011 outcome=wrong_confident run=$0.044 sweep=$3.30
[163/1542] P1-fever relay/sop/feverc_024 outcome=correct run=$0.006 sweep=$3.55
[164/1542] P1-fever relay/down/feverc_041 outcome=correct run=$0.007 sweep=$3.55
[165/1542] P1-fever relay/down/feverc_010 outcome=correct run=$0.047 sweep=$3.56
[166/1542] P1-fever relay/down/feverc_039 outcome=correct run=$0.016 sweep=$3.69
[167/1542] P1-fever relay/down/feverc_032 outcome=wrong_confident run=$0.038 sweep=$3.69
[168/1542] P1-fever relay/sop/feverc_037 outcome=correct run=$0.064 sweep=$3.73
[169/1542] P1-fever relay/down/feverc_021 outcome=correct run=$0.046 sweep=$3.73
[170/1542] P1-fever relay/down/feverc_044 outcome=correct run=$0.010 sweep=$3.73
[171/1542] P1-fever relay/down/feverc_002 outcome=wrong_confident run=$0.097 sweep=$3.78
[172/1542] P1-fever relay/board/feverc_001 outcome=correct run=$0.008 sweep=$3.79
[173/1542] P1-fever relay/board/feverc_000 outcome=correct run=$0.008 sweep=$3.83
[174/1542] P1-fever relay/down/feverc_037 outcome=correct run=$0.033 sweep=$3.98
[175/1542] P1-fever relay/down/feverc_025 outcome=correct run=$0.063 sweep=$4.03
[176/1542] P1-fever relay/board/feverc_005 outcome=wrong_confident run=$0.010 sweep=$4.17
[177/1542] P1-fever relay/board/feverc_003 outcome=correct run=$0.028 sweep=$4.17
[178/1542] P1-fever relay/down/feverc_024 outcome=correct run=$0.065 sweep=$4.17
[179/1542] P1-fever relay/board/feverc_006 outcome=correct run=$0.006 sweep=$4.19
[180/1542] P1-fever relay/board/feverc_007 outcome=correct run=$0.007 sweep=$4.30
[181/1542] P1-fever relay/board/feverc_008 outcome=wrong_confident run=$0.007 sweep=$4.30
[182/1542] P1-fever relay/down/feverc_017 outcome=wrong_confident run=$0.077 sweep=$4.31
[183/1542] P1-fever relay/board/feverc_010 outcome=correct run=$0.008 sweep=$4.33
[184/1542] P1-fever relay/board/feverc_013 outcome=correct run=$0.006 sweep=$4.39
[185/1542] P1-fever relay/down/feverc_043 outcome=correct run=$0.043 sweep=$4.39
[186/1542] P1-fever relay/board/feverc_014 outcome=wrong_confident run=$0.006 sweep=$4.39
[187/1542] P1-fever relay/board/feverc_016 outcome=correct run=$0.007 sweep=$4.57
[188/1542] P1-fever relay/down/feverc_029 outcome=wrong_confident run=$0.075 sweep=$4.62
[189/1542] P1-fever relay/board/feverc_004 outcome=correct run=$0.035 sweep=$4.62
[190/1542] P1-fever relay/board/feverc_015 outcome=correct run=$0.011 sweep=$4.62
[191/1542] P1-fever relay/board/feverc_021 outcome=correct run=$0.007 sweep=$4.70
[192/1542] P1-fever relay/board/feverc_020 outcome=wrong_confident run=$0.007 sweep=$4.70
[193/1542] P1-fever relay/down/feverc_036 outcome=correct run=$0.046 sweep=$4.80
[194/1542] P1-fever relay/down/feverc_015 outcome=wrong_confident run=$0.080 sweep=$4.80
[195/1542] P1-fever relay/down/feverc_012 outcome=wrong_confident run=$0.110 sweep=$4.85
[196/1542] P1-fever relay/board/feverc_002 outcome=wrong_confident run=$0.040 sweep=$4.85
[197/1542] P1-fever relay/down/feverc_019 outcome=correct run=$0.106 sweep=$4.85
[198/1542] P1-fever relay/board/feverc_009 outcome=correct run=$0.032 sweep=$4.91
[199/1542] P1-fever relay/board/feverc_022 outcome=correct run=$0.007 sweep=$4.91
[200/1542] P1-fever relay/board/feverc_023 outcome=wrong_confident run=$0.007 sweep=$4.91
[201/1542] P1-fever relay/board/feverc_024 outcome=correct run=$0.007 sweep=$4.91
[202/1542] P1-fever relay/board/feverc_017 outcome=wrong_confident run=$0.016 sweep=$4.94
[203/1542] P1-fever relay/board/feverc_028 outcome=correct run=$0.006 sweep=$4.94
[204/1542] P1-fever relay/board/feverc_025 outcome=correct run=$0.008 sweep=$4.94
[205/1542] P1-fever relay/down/feverc_042 outcome=correct run=$0.050 sweep=$4.94
[206/1542] P1-fever relay/down/feverc_045 outcome=correct run=$0.044 sweep=$4.97
[207/1542] P1-fever relay/down/feverc_018 outcome=correct run=$0.080 sweep=$4.97
[208/1542] P1-fever relay/board/feverc_026 outcome=wrong_confident run=$0.009 sweep=$4.97
[209/1542] P1-fever relay/board/feverc_033 outcome=correct run=$0.007 sweep=$5.02
[210/1542] P1-fever relay/board/feverc_030 outcome=correct run=$0.008 sweep=$5.02
[211/1542] P1-fever relay/board/feverc_032 outcome=wrong_confident run=$0.008 sweep=$5.02
[212/1542] P1-fever relay/down/feverc_047 outcome=correct run=$0.042 sweep=$5.02
[213/1542] P1-fever relay/board/feverc_038 outcome=wrong_confident run=$0.006 sweep=$5.02
[214/1542] P1-fever relay/board/feverc_034 outcome=correct run=$0.007 sweep=$5.02
[215/1542] P1-fever relay/board/feverc_037 outcome=correct run=$0.007 sweep=$5.02
[216/1542] P1-fever relay/board/feverc_036 outcome=correct run=$0.009 sweep=$5.09
[217/1542] P1-fever relay/board/feverc_044 outcome=correct run=$0.006 sweep=$5.11
[218/1542] P1-fever relay/board/feverc_041 outcome=correct run=$0.006 sweep=$5.11
[219/1542] P1-fever relay/board/feverc_040 outcome=correct run=$0.006 sweep=$5.11
[220/1542] P1-fever relay/board/feverc_039 outcome=correct run=$0.007 sweep=$5.11
[221/1542] P1-fever relay/down/feverc_035 outcome=wrong_confident run=$0.081 sweep=$5.11
[222/1542] P1-fever relay/board/feverc_045 outcome=correct run=$0.006 sweep=$5.11
[223/1542] P1-fever relay/board/feverc_043 outcome=correct run=$0.007 sweep=$5.18
[224/1542] P1-fever relay/board/feverc_047 outcome=correct run=$0.006 sweep=$5.18
[225/1542] P1-fever relay/board/feverc_035 outcome=wrong_confident run=$0.012 sweep=$5.18
[226/1542] P1-fever relay/board/feverc_027 outcome=correct run=$0.012 sweep=$5.18
[227/1542] P1-fever relay/down/feverc_031 outcome=correct run=$0.076 sweep=$5.18
[228/1542] P1-fever relay/board/feverc_031 outcome=wrong_confident run=$0.011 sweep=$5.18
[229/1542] P1-fever relay/board/feverc_042 outcome=correct run=$0.008 sweep=$5.18
[230/1542] P1-fever relay/down/feverc_030 outcome=correct run=$0.088 sweep=$5.23
[231/1542] P1-fever relay/board/feverc_046 outcome=wrong_confident run=$0.013 sweep=$5.36
[232/1542] P1-fever relay/board/feverc_011 outcome=wrong_confident run=$0.039 sweep=$5.36
[233/1542] P1-fever relay/extract/feverc_000 outcome=correct run=$0.011 sweep=$5.40
[234/1542] P1-fever relay/extract/feverc_007 outcome=correct run=$0.010 sweep=$5.40
[235/1542] P1-fever relay/extract/feverc_001 outcome=correct run=$0.011 sweep=$5.40
[236/1542] P1-fever relay/extract/feverc_008 outcome=wrong_confident run=$0.010 sweep=$5.40
[237/1542] P1-fever relay/extract/feverc_013 outcome=correct run=$0.010 sweep=$5.40
[238/1542] P1-fever relay/extract/feverc_006 outcome=correct run=$0.009 sweep=$5.40
[239/1542] P1-fever relay/extract/feverc_020 outcome=wrong_confident run=$0.001 sweep=$5.40
[240/1542] P1-fever relay/extract/feverc_010 outcome=correct run=$0.011 sweep=$5.43
[241/1542] P1-fever relay/board/feverc_012 outcome=wrong_confident run=$0.043 sweep=$5.43
[242/1542] P1-fever relay/extract/feverc_022 outcome=correct run=$0.001 sweep=$5.43
[243/1542] P1-fever relay/extract/feverc_011 outcome=wrong_confident run=$0.012 sweep=$5.51
[244/1542] P1-fever relay/down/feverc_027 outcome=wrong_confident run=$0.105 sweep=$5.51
[245/1542] P1-fever relay/extract/feverc_014 outcome=wrong_confident run=$0.010 sweep=$5.53
[246/1542] P1-fever relay/extract/feverc_004 outcome=correct run=$0.014 sweep=$5.55
[247/1542] P1-fever relay/extract/feverc_023 outcome=wrong_confident run=$0.009 sweep=$5.55
[248/1542] P1-fever relay/extract/feverc_021 outcome=correct run=$0.010 sweep=$5.55
[249/1542] P1-fever relay/extract/feverc_017 outcome=wrong_confident run=$0.011 sweep=$5.62
[250/1542] P1-fever relay/board/feverc_018 outcome=correct run=$0.037 sweep=$5.62
[251/1542] P1-fever relay/extract/feverc_024 outcome=correct run=$0.012 sweep=$5.62
[252/1542] P1-fever relay/extract/feverc_015 outcome=correct run=$0.011 sweep=$5.65
[253/1542] P1-fever relay/extract/feverc_026 outcome=wrong_confident run=$0.010 sweep=$5.65
[254/1542] P1-fever relay/extract/feverc_028 outcome=correct run=$0.009 sweep=$5.67
[255/1542] P1-fever relay/board/feverc_029 outcome=wrong_confident run=$0.033 sweep=$5.67
[256/1542] P1-fever relay/extract/feverc_025 outcome=correct run=$0.013 sweep=$5.68
[257/1542] P1-fever relay/down/feverc_038 outcome=wrong_confident run=$0.084 sweep=$5.70
[258/1542] P1-fever relay/extract/feverc_037 outcome=correct run=$0.009 sweep=$5.76
[259/1542] P1-fever relay/extract/feverc_032 outcome=wrong_confident run=$0.011 sweep=$5.76
[260/1542] P1-fever relay/extract/feverc_033 outcome=correct run=$0.011 sweep=$5.78
[261/1542] P1-fever relay/extract/feverc_031 outcome=correct run=$0.013 sweep=$5.82
[262/1542] P1-fever relay/extract/feverc_039 outcome=correct run=$0.012 sweep=$5.88
[263/1542] P1-fever relay/down/feverc_040 outcome=correct run=$0.084 sweep=$5.88
[264/1542] P1-fever relay/board/feverc_019 outcome=correct run=$0.049 sweep=$5.88
[265/1542] P1-fever relay/extract/feverc_038 outcome=wrong_confident run=$0.009 sweep=$5.90
[266/1542] P1-fever relay/extract/feverc_044 outcome=correct run=$0.010 sweep=$5.92
[267/1542] P1-fever relay/extract/feverc_040 outcome=correct run=$0.011 sweep=$5.92
[268/1542] P1-fever relay/extract/feverc_012 outcome=wrong_confident run=$0.037 sweep=$5.92
[269/1542] P1-fever relay/extract/feverc_045 outcome=correct run=$0.011 sweep=$5.97
[270/1542] P1-fever relay/extract/feverc_046 outcome=wrong_confident run=$0.014 sweep=$6.05
[271/1542] P1-fever relay/extract/feverc_047 outcome=correct run=$0.010 sweep=$6.05
[272/1542] P1-fever relay/board_inert/feverc_001 outcome=correct run=$0.007 sweep=$6.10
[273/1542] P1-fever relay/board_inert/feverc_000 outcome=correct run=$0.009 sweep=$6.10
[274/1542] P1-fever relay/board_inert/feverc_006 outcome=correct run=$0.007 sweep=$6.13
[275/1542] P1-fever relay/board_inert/feverc_008 outcome=wrong_confident run=$0.007 sweep=$6.20
[276/1542] P1-fever relay/extract/feverc_002 outcome=wrong_confident run=$0.051 sweep=$6.23
[277/1542] P1-fever relay/extract/feverc_027 outcome=correct run=$0.037 sweep=$6.23
[278/1542] P1-fever relay/board_inert/feverc_009 outcome=correct run=$0.008 sweep=$6.23
[279/1542] P1-fever relay/board_inert/feverc_007 outcome=correct run=$0.009 sweep=$6.30
[280/1542] P1-fever relay/board_inert/feverc_010 outcome=correct run=$0.007 sweep=$6.30
[281/1542] P1-fever relay/board_inert/feverc_013 outcome=correct run=$0.007 sweep=$6.40
[282/1542] P1-fever relay/board_inert/feverc_003 outcome=correct run=$0.022 sweep=$6.40
[283/1542] P1-fever relay/board_inert/feverc_012 outcome=wrong_confident run=$0.007 sweep=$6.47
[284/1542] P1-fever relay/extract/feverc_009 outcome=correct run=$0.046 sweep=$6.47
[285/1542] P1-fever relay/extract/feverc_019 outcome=correct run=$0.049 sweep=$6.47
[286/1542] P1-fever relay/extract/feverc_034 outcome=correct run=$0.035 sweep=$6.47
[287/1542] P1-fever relay/board_inert/feverc_015 outcome=correct run=$0.008 sweep=$6.47
[288/1542] P1-fever relay/extract/feverc_003 outcome=wrong_confident run=$0.050 sweep=$6.50
[289/1542] P1-fever relay/board_inert/feverc_011 outcome=wrong_confident run=$0.009 sweep=$6.50
[290/1542] P1-fever relay/board_inert/feverc_022 outcome=correct run=$0.006 sweep=$6.52
[291/1542] P1-fever relay/board_inert/feverc_020 outcome=wrong_confident run=$0.007 sweep=$6.52
[292/1542] P1-fever relay/extract/feverc_035 outcome=wrong_confident run=$0.040 sweep=$6.54
[293/1542] P1-fever relay/board_inert/feverc_023 outcome=wrong_confident run=$0.007 sweep=$6.54
[294/1542] P1-fever relay/board_inert/feverc_024 outcome=correct run=$0.007 sweep=$6.58
[295/1542] P1-fever relay/extract/feverc_018 outcome=correct run=$0.038 sweep=$6.58
[296/1542] P1-fever relay/extract/feverc_005 outcome=wrong_confident run=$0.047 sweep=$6.60
[297/1542] P1-fever relay/board_inert/feverc_025 outcome=correct run=$0.008 sweep=$6.60
[298/1542] P1-fever relay/down/feverc_046 outcome=wrong_confident run=$0.113 sweep=$6.60
[299/1542] P1-fever relay/board_inert/feverc_028 outcome=correct run=$0.006 sweep=$6.60
[300/1542] P1-fever relay/extract/feverc_041 outcome=correct run=$0.035 sweep=$6.60
[301/1542] P1-fever relay/extract/feverc_016 outcome=correct run=$0.011 sweep=$6.65
[302/1542] P1-fever relay/board_inert/feverc_030 outcome=correct run=$0.008 sweep=$6.65
[303/1542] P1-fever relay/board_inert/feverc_026 outcome=wrong_confident run=$0.009 sweep=$6.65
[304/1542] P1-fever relay/board_inert/feverc_033 outcome=correct run=$0.007 sweep=$6.68
[305/1542] P1-fever relay/board_inert/feverc_034 outcome=correct run=$0.006 sweep=$6.68
[306/1542] P1-fever relay/board_inert/feverc_038 outcome=wrong_confident run=$0.005 sweep=$6.75
[307/1542] P1-fever relay/board_inert/feverc_037 outcome=correct run=$0.007 sweep=$6.75
[308/1542] P1-fever relay/board_inert/feverc_036 outcome=correct run=$0.007 sweep=$6.75
[309/1542] P1-fever relay/board_inert/feverc_040 outcome=correct run=$0.007 sweep=$6.75
[310/1542] P1-fever relay/board_inert/feverc_032 outcome=wrong_confident run=$0.009 sweep=$6.78
[311/1542] P1-fever relay/extract/feverc_036 outcome=correct run=$0.061 sweep=$6.78
[312/1542] P1-fever relay/extract/feverc_030 outcome=correct run=$0.012 sweep=$6.81
[313/1542] P1-fever relay/board_inert/feverc_039 outcome=correct run=$0.009 sweep=$6.81
[314/1542] P1-fever relay/board_inert/feverc_043 outcome=correct run=$0.007 sweep=$6.81
[315/1542] P1-fever relay/board_inert/feverc_041 outcome=correct run=$0.006 sweep=$6.81
[316/1542] P1-fever relay/board_inert/feverc_047 outcome=correct run=$0.006 sweep=$6.83
[317/1542] P1-fever relay/board_inert/feverc_045 outcome=correct run=$0.007 sweep=$6.83
[318/1542] P1-fever hub/vanilla/feverc_000 outcome=correct run=$0.009 sweep=$6.88
[319/1542] P1-fever hub/vanilla/feverc_001 outcome=correct run=$0.011 sweep=$6.91
[320/1542] P1-fever relay/board_inert/feverc_002 outcome=wrong_confident run=$0.046 sweep=$6.91
[321/1542] P1-fever relay/extract/feverc_043 outcome=correct run=$0.048 sweep=$6.95
[322/1542] P1-fever relay/board_inert/feverc_014 outcome=wrong_confident run=$0.033 sweep=$6.95
[323/1542] P1-fever relay/board_inert/feverc_016 outcome=correct run=$0.035 sweep=$7.08
[324/1542] P1-fever relay/extract/feverc_042 outcome=correct run=$0.069 sweep=$7.08
[325/1542] P1-fever hub/vanilla/feverc_008 outcome=wrong_confident run=$0.009 sweep=$7.16
[326/1542] P1-fever hub/vanilla/feverc_007 outcome=correct run=$0.009 sweep=$7.22
[327/1542] P1-fever hub/vanilla/feverc_010 outcome=correct run=$0.005 sweep=$7.22
[328/1542] P1-fever relay/board_inert/feverc_004 outcome=correct run=$0.046 sweep=$7.22
[329/1542] P1-fever relay/board_inert/feverc_018 outcome=correct run=$0.035 sweep=$7.28
[330/1542] P1-fever relay/board_inert/feverc_021 outcome=correct run=$0.039 sweep=$7.35
[331/1542] P1-fever hub/vanilla/feverc_011 outcome=wrong_confident run=$0.010 sweep=$7.37
[332/1542] P1-fever relay/board_inert/feverc_046 outcome=wrong_confident run=$0.022 sweep=$7.37
[333/1542] P1-fever hub/vanilla/feverc_014 outcome=wrong_confident run=$0.008 sweep=$7.39
[334/1542] P1-fever hub/vanilla/feverc_005 outcome=wrong_confident run=$0.023 sweep=$7.39
[335/1542] P1-fever relay/extract/feverc_029 outcome=wrong_confident run=$0.070 sweep=$7.42
[336/1542] P1-fever relay/board_inert/feverc_029 outcome=wrong_confident run=$0.036 sweep=$7.48
[337/1542] P1-fever hub/vanilla/feverc_020 outcome=wrong_confident run=$0.010 sweep=$7.48
[338/1542] P1-fever relay/board_inert/feverc_005 outcome=wrong_confident run=$0.043 sweep=$7.55
[339/1542] P1-fever hub/vanilla/feverc_017 outcome=wrong_confident run=$0.013 sweep=$7.55
[340/1542] P1-fever relay/board_inert/feverc_035 outcome=wrong_confident run=$0.034 sweep=$7.58
[341/1542] P1-fever relay/board_inert/feverc_019 outcome=correct run=$0.041 sweep=$7.58
[342/1542] P1-fever hub/vanilla/feverc_021 outcome=correct run=$0.009 sweep=$7.61
[343/1542] P1-fever hub/vanilla/feverc_022 outcome=correct run=$0.016 sweep=$7.61
[344/1542] P1-fever hub/vanilla/feverc_018 outcome=correct run=$0.013 sweep=$7.61
[345/1542] P1-fever hub/vanilla/feverc_023 outcome=wrong_confident run=$0.011 sweep=$7.63
[346/1542] P1-fever hub/vanilla/feverc_015 outcome=wrong_confident run=$0.023 sweep=$7.64
[347/1542] P1-fever hub/vanilla/feverc_019 outcome=correct run=$0.031 sweep=$7.64
[348/1542] P1-fever hub/vanilla/feverc_028 outcome=correct run=$0.007 sweep=$7.64
[349/1542] P1-fever hub/vanilla/feverc_026 outcome=wrong_confident run=$0.009 sweep=$7.64
[350/1542] P1-fever relay/board_inert/feverc_044 outcome=correct run=$0.032 sweep=$7.74
[351/1542] P1-fever relay/board_inert/feverc_027 outcome=correct run=$0.044 sweep=$7.80
[352/1542] P1-fever hub/vanilla/feverc_004 outcome=correct run=$0.042 sweep=$7.84
[353/1542] P1-fever hub/vanilla/feverc_030 outcome=correct run=$0.012 sweep=$7.86
[354/1542] P1-fever hub/vanilla/feverc_029 outcome=wrong_confident run=$0.012 sweep=$7.91
[355/1542] P1-fever hub/vanilla/feverc_032 outcome=wrong_confident run=$0.009 sweep=$7.91
[356/1542] P1-fever hub/vanilla/feverc_036 outcome=correct run=$0.010 sweep=$7.95
[357/1542] P1-fever hub/vanilla/feverc_038 outcome=wrong_confident run=$0.010 sweep=$7.95
[358/1542] P1-fever relay/board_inert/feverc_017 outcome=wrong_confident run=$0.019 sweep=$7.95
[359/1542] P1-fever hub/vanilla/feverc_039 outcome=correct run=$0.010 sweep=$7.98
[360/1542] P1-fever relay/board_inert/feverc_031 outcome=correct run=$0.044 sweep=$7.98
[361/1542] P1-fever hub/vanilla/feverc_006 outcome=correct run=$0.055 sweep=$7.98
[362/1542] P1-fever hub/vanilla/feverc_041 outcome=correct run=$0.008 sweep=$8.04
[363/1542] P1-fever hub/vanilla/feverc_040 outcome=correct run=$0.010 sweep=$8.04
[364/1542] P1-fever hub/vanilla/feverc_009 outcome=correct run=$0.033 sweep=$8.07
[365/1542] P1-fever hub/vanilla/feverc_045 outcome=correct run=$0.008 sweep=$8.13
[366/1542] P1-fever hub/full/feverc_000 outcome=correct run=$0.010 sweep=$8.13
[367/1542] P1-fever hub/vanilla/feverc_031 outcome=correct run=$0.029 sweep=$8.13
[368/1542] P1-fever hub/vanilla/feverc_044 outcome=correct run=$0.014 sweep=$8.15
[369/1542] P1-fever hub/vanilla/feverc_042 outcome=correct run=$0.014 sweep=$8.23
[370/1542] P1-fever hub/vanilla/feverc_043 outcome=correct run=$0.016 sweep=$8.23
[371/1542] P1-fever hub/vanilla/feverc_047 outcome=correct run=$0.017 sweep=$8.23
[372/1542] P1-fever hub/vanilla/feverc_046 outcome=wrong_confident run=$0.011 sweep=$8.23
[373/1542] P1-fever hub/vanilla/feverc_002 outcome=correct run=$0.052 sweep=$8.27
[374/1542] P1-fever hub/full/feverc_006 outcome=correct run=$0.009 sweep=$8.27
[375/1542] P1-fever relay/board_inert/feverc_042 outcome=correct run=$0.044 sweep=$8.33
[376/1542] P1-fever hub/full/feverc_010 outcome=correct run=$0.005 sweep=$8.33
[377/1542] P1-fever hub/full/feverc_003 outcome=correct run=$0.032 sweep=$8.33
[378/1542] P1-fever hub/vanilla/feverc_027 outcome=correct run=$0.037 sweep=$8.39
[379/1542] P1-fever hub/full/feverc_007 outcome=correct run=$0.011 sweep=$8.39
[380/1542] P1-fever hub/full/feverc_013 outcome=correct run=$0.008 sweep=$8.39
[381/1542] P1-fever hub/full/feverc_004 outcome=correct run=$0.011 sweep=$8.39
[382/1542] P1-fever hub/vanilla/feverc_035 outcome=wrong_confident run=$0.049 sweep=$8.47
[383/1542] P1-fever hub/full/feverc_012 outcome=wrong_confident run=$0.015 sweep=$8.52
[384/1542] P1-fever hub/full/feverc_020 outcome=wrong_confident run=$0.009 sweep=$8.63
[385/1542] P1-fever hub/vanilla/feverc_025 outcome=correct run=$0.051 sweep=$8.67
[386/1542] P1-fever hub/full/feverc_022 outcome=correct run=$0.011 sweep=$8.71
[387/1542] P1-fever hub/full/feverc_011 outcome=wrong_confident run=$0.017 sweep=$8.71
[388/1542] P1-fever hub/vanilla/feverc_024 outcome=correct run=$0.052 sweep=$8.71
[389/1542] P1-fever hub/vanilla/feverc_033 outcome=correct run=$0.042 sweep=$8.74
[390/1542] P1-fever hub/full/feverc_023 outcome=wrong_confident run=$0.012 sweep=$8.74
[391/1542] P1-fever hub/vanilla/feverc_016 outcome=correct run=$0.056 sweep=$8.85
[392/1542] P1-fever hub/vanilla/feverc_013 outcome=correct run=$0.060 sweep=$8.85
[393/1542] P1-fever hub/vanilla/feverc_003 outcome=wrong_confident run=$0.056 sweep=$8.85
[394/1542] P1-fever hub/vanilla/feverc_037 outcome=correct run=$0.042 sweep=$8.88
[395/1542] P1-fever hub/full/feverc_030 outcome=correct run=$0.009 sweep=$8.90
[396/1542] P1-fever hub/full/feverc_028 outcome=correct run=$0.012 sweep=$8.90
[397/1542] P1-fever hub/full/feverc_032 outcome=wrong_confident run=$0.010 sweep=$8.93
[398/1542] P1-fever hub/full/feverc_027 outcome=correct run=$0.011 sweep=$8.95
[399/1542] P1-fever hub/full/feverc_008 outcome=wrong_confident run=$0.037 sweep=$9.06
[400/1542] P1-fever hub/full/feverc_001 outcome=correct run=$0.049 sweep=$9.15
[401/1542] P1-fever hub/full/feverc_034 outcome=correct run=$0.016 sweep=$9.24
[402/1542] P1-fever hub/full/feverc_014 outcome=wrong_confident run=$0.034 sweep=$9.24
[403/1542] P1-fever hub/vanilla/feverc_034 outcome=correct run=$0.060 sweep=$9.28
[404/1542] P1-fever hub/full/feverc_038 outcome=wrong_confident run=$0.009 sweep=$9.28
[405/1542] P1-fever hub/full/feverc_009 outcome=correct run=$0.038 sweep=$9.28
[406/1542] P1-fever hub/full/feverc_031 outcome=correct run=$0.027 sweep=$9.30
[407/1542] P1-fever hub/full/feverc_039 outcome=correct run=$0.013 sweep=$9.41
[408/1542] P1-fever hub/vanilla/feverc_012 outcome=wrong_confident run=$0.097 sweep=$9.41
[409/1542] P1-fever hub/full/feverc_019 outcome=correct run=$0.061 sweep=$9.41
[410/1542] P1-fever hub/full/feverc_040 outcome=correct run=$0.011 sweep=$9.41
[411/1542] P1-fever hub/full/feverc_043 outcome=correct run=$0.008 sweep=$9.41
[412/1542] P1-fever hub/full/feverc_045 outcome=correct run=$0.009 sweep=$9.41
[413/1542] P1-fever hub/full/feverc_017 outcome=wrong_confident run=$0.049 sweep=$9.46
[414/1542] P1-fever hub/full/feverc_005 outcome=wrong_confident run=$0.048 sweep=$9.62
[415/1542] P1-fever hub/full/feverc_044 outcome=correct run=$0.015 sweep=$9.62
[416/1542] P1-fever hub/full/feverc_046 outcome=wrong_confident run=$0.014 sweep=$9.74
[417/1542] P1-fever hub/full/feverc_021 outcome=correct run=$0.046 sweep=$9.74
[418/1542] P1-fever hub/full/feverc_047 outcome=correct run=$0.016 sweep=$9.74
[419/1542] P1-fever hub/full/feverc_036 outcome=correct run=$0.035 sweep=$9.77
[420/1542] P1-fever hub/full/feverc_016 outcome=correct run=$0.046 sweep=$9.78
[421/1542] P1-fever hub/full/feverc_026 outcome=wrong_confident run=$0.049 sweep=$9.78
[422/1542] P1-fever hub/sop/feverc_010 outcome=correct run=$0.006 sweep=$9.81
[423/1542] P1-fever hub/sop/feverc_008 outcome=wrong_confident run=$0.011 sweep=$9.83
[424/1542] P1-fever hub/sop/feverc_009 outcome=correct run=$0.008 sweep=$9.83
[425/1542] P1-fever hub/sop/feverc_006 outcome=correct run=$0.025 sweep=$9.86
[426/1542] P1-fever hub/full/feverc_002 outcome=wrong_confident run=$0.075 sweep=$9.86
[427/1542] P1-fever hub/sop/feverc_007 outcome=correct run=$0.012 sweep=$9.89
[428/1542] P1-fever hub/sop/feverc_013 outcome=correct run=$0.009 sweep=$9.93
[429/1542] P1-fever hub/sop/feverc_011 outcome=wrong_confident run=$0.014 sweep=$9.93
[430/1542] P1-fever hub/sop/feverc_016 outcome=correct run=$0.012 sweep=$10.01
[431/1542] P1-fever hub/sop/feverc_014 outcome=wrong_confident run=$0.008 sweep=$10.08
[432/1542] P1-fever hub/full/feverc_035 outcome=wrong_confident run=$0.039 sweep=$10.20
[433/1542] P1-fever hub/sop/feverc_020 outcome=wrong_confident run=$0.007 sweep=$10.20
[434/1542] P1-fever hub/full/feverc_025 outcome=correct run=$0.048 sweep=$10.30
[435/1542] P1-fever hub/sop/feverc_003 outcome=correct run=$0.049 sweep=$10.38
[436/1542] P1-fever hub/sop/feverc_021 outcome=correct run=$0.008 sweep=$10.38
[437/1542] P1-fever hub/full/feverc_042 outcome=correct run=$0.045 sweep=$10.38
[438/1542] P1-fever hub/sop/feverc_023 outcome=wrong_confident run=$0.009 sweep=$10.43
[439/1542] P1-fever hub/sop/feverc_004 outcome=correct run=$0.040 sweep=$10.43
[440/1542] P1-fever hub/full/feverc_041 outcome=correct run=$0.052 sweep=$10.43
[441/1542] P1-fever hub/sop/feverc_028 outcome=correct run=$0.008 sweep=$10.49
[442/1542] P1-fever hub/sop/feverc_026 outcome=wrong_confident run=$0.008 sweep=$10.53
[443/1542] P1-fever hub/sop/feverc_001 outcome=correct run=$0.043 sweep=$10.58
[444/1542] P1-fever hub/full/feverc_018 outcome=correct run=$0.079 sweep=$10.59
[445/1542] P1-fever hub/sop/feverc_029 outcome=wrong_confident run=$0.014 sweep=$10.65
[446/1542] P1-fever hub/sop/feverc_024 outcome=correct run=$0.022 sweep=$10.65
[447/1542] P1-fever hub/sop/feverc_030 outcome=correct run=$0.011 sweep=$10.65
[448/1542] P1-fever hub/sop/feverc_019 outcome=correct run=$0.033 sweep=$10.68
[449/1542] P1-fever hub/sop/feverc_034 outcome=correct run=$0.010 sweep=$10.68
[450/1542] P1-fever hub/sop/feverc_027 outcome=correct run=$0.022 sweep=$10.70
[451/1542] P1-fever hub/sop/feverc_002 outcome=correct run=$0.052 sweep=$10.84
[452/1542] P1-fever hub/full/feverc_029 outcome=wrong_confident run=$0.102 sweep=$10.84
[453/1542] P1-fever hub/sop/feverc_038 outcome=wrong_confident run=$0.010 sweep=$10.89
[454/1542] P1-fever hub/sop/feverc_000 outcome=correct run=$0.046 sweep=$11.15
[455/1542] P1-fever hub/sop/feverc_039 outcome=correct run=$0.034 sweep=$11.20
[456/1542] P1-fever hub/sop/feverc_015 outcome=correct run=$0.052 sweep=$11.20
[457/1542] P1-fever hub/full/feverc_033 outcome=correct run=$0.105 sweep=$11.20
[458/1542] P1-fever hub/sop/feverc_041 outcome=correct run=$0.008 sweep=$11.20
[459/1542] P1-fever hub/sop/feverc_040 outcome=correct run=$0.010 sweep=$11.20
[460/1542] P1-fever hub/full/feverc_037 outcome=correct run=$0.070 sweep=$11.27
[461/1542] P1-fever hub/sop/feverc_012 outcome=correct run=$0.036 sweep=$11.36
[462/1542] P1-fever hub/sop/feverc_036 outcome=correct run=$0.011 sweep=$11.36
[463/1542] P1-fever hub/sop/feverc_005 outcome=wrong_confident run=$0.056 sweep=$11.41
[464/1542] P1-fever hub/full/feverc_015 outcome=correct run=$0.115 sweep=$11.41
[465/1542] P1-fever hub/sop/feverc_045 outcome=correct run=$0.009 sweep=$11.41
[466/1542] P1-fever hub/sop/feverc_043 outcome=correct run=$0.013 sweep=$11.41
[467/1542] P1-fever hub/sop/feverc_017 outcome=wrong_confident run=$0.048 sweep=$11.41
[468/1542] P1-fever hub/sop/feverc_047 outcome=correct run=$0.012 sweep=$11.46
[469/1542] P1-fever hub/sop/feverc_032 outcome=wrong_confident run=$0.047 sweep=$11.46
[470/1542] P1-fever hub/down/feverc_001 outcome=correct run=$0.013 sweep=$11.46
[471/1542] P1-fever hub/down/feverc_000 outcome=correct run=$0.015 sweep=$11.49
[472/1542] P1-fever hub/sop/feverc_033 outcome=wrong_confident run=$0.047 sweep=$11.49
[473/1542] P1-fever hub/sop/feverc_022 outcome=correct run=$0.050 sweep=$11.53
[474/1542] P1-fever hub/down/feverc_010 outcome=correct run=$0.006 sweep=$11.53
[475/1542] P1-fever hub/down/feverc_009 outcome=correct run=$0.010 sweep=$11.56
[476/1542] P1-fever hub/sop/feverc_025 outcome=correct run=$0.059 sweep=$11.59
[477/1542] P1-fever hub/sop/feverc_035 outcome=wrong_confident run=$0.054 sweep=$11.61
[478/1542] P1-fever hub/down/feverc_006 outcome=correct run=$0.011 sweep=$11.63
[479/1542] P1-fever hub/down/feverc_008 outcome=wrong_confident run=$0.012 sweep=$11.63
[480/1542] P1-fever hub/down/feverc_017 outcome=wrong_confident run=$0.022 sweep=$11.65
[481/1542] P1-fever hub/down/feverc_004 outcome=correct run=$0.020 sweep=$11.68
[482/1542] P1-fever hub/down/feverc_015 outcome=correct run=$0.015 sweep=$11.72
[483/1542] P1-fever hub/down/feverc_022 outcome=correct run=$0.013 sweep=$11.73
[484/1542] P1-fever hub/down/feverc_016 outcome=correct run=$0.020 sweep=$11.78
[485/1542] P1-fever hub/down/feverc_023 outcome=wrong_confident run=$0.009 sweep=$11.78
[486/1542] P1-fever hub/sop/feverc_037 outcome=correct run=$0.061 sweep=$11.78
[487/1542] P1-fever hub/sop/feverc_031 outcome=correct run=$0.086 sweep=$11.78
[488/1542] P1-fever hub/down/feverc_028 outcome=correct run=$0.010 sweep=$11.89
[489/1542] P1-fever hub/down/feverc_026 outcome=wrong_confident run=$0.012 sweep=$11.89
[490/1542] P1-fever hub/down/feverc_030 outcome=correct run=$0.012 sweep=$11.93
[491/1542] P1-fever hub/sop/feverc_044 outcome=correct run=$0.038 sweep=$11.98
[492/1542] P1-fever hub/full/feverc_024 outcome=correct run=$0.115 sweep=$12.22
[493/1542] P1-fever hub/down/feverc_007 outcome=correct run=$0.035 sweep=$12.22
[494/1542] P1-fever hub/sop/feverc_046 outcome=wrong_confident run=$0.038 sweep=$12.22
[495/1542] P1-fever hub/down/feverc_032 outcome=wrong_confident run=$0.014 sweep=$12.22
[496/1542] P1-fever hub/down/feverc_014 outcome=wrong_confident run=$0.039 sweep=$12.27
[497/1542] P1-fever hub/down/feverc_013 outcome=correct run=$0.043 sweep=$12.29
[498/1542] P1-fever hub/sop/feverc_042 outcome=correct run=$0.048 sweep=$12.45
[499/1542] P1-fever hub/down/feverc_034 outcome=correct run=$0.016 sweep=$12.45
[500/1542] P1-fever hub/down/feverc_021 outcome=correct run=$0.035 sweep=$12.50
[501/1542] P1-fever hub/down/feverc_038 outcome=wrong_confident run=$0.015 sweep=$12.53
[502/1542] P1-fever hub/down/feverc_041 outcome=correct run=$0.011 sweep=$12.65
[503/1542] P1-fever hub/down/feverc_037 outcome=correct run=$0.022 sweep=$12.65
[504/1542] P1-fever hub/down/feverc_012 outcome=wrong_confident run=$0.051 sweep=$12.67
[505/1542] P1-fever hub/down/feverc_024 outcome=correct run=$0.046 sweep=$12.75
[506/1542] P1-fever hub/down/feverc_031 outcome=correct run=$0.044 sweep=$12.75
[507/1542] P1-fever hub/down/feverc_045 outcome=correct run=$0.009 sweep=$12.80
[508/1542] P1-fever hub/down/feverc_047 outcome=correct run=$0.015 sweep=$12.96
[509/1542] P1-fever hub/down/feverc_005 outcome=wrong_confident run=$0.058 sweep=$12.96
[510/1542] P1-fever hub/down/feverc_020 outcome=wrong_confident run=$0.064 sweep=$13.01
[511/1542] P1-fever hub/sop/feverc_018 outcome=wrong_confident run=$0.120 sweep=$13.01
[512/1542] P1-fever hub/board/feverc_004 outcome=correct run=$0.019 sweep=$13.15
[513/1542] P1-fever hub/board/feverc_002 outcome=correct run=$0.024 sweep=$13.15
[514/1542] P1-fever hub/down/feverc_035 outcome=wrong_confident run=$0.043 sweep=$13.23
[515/1542] P1-fever hub/down/feverc_029 outcome=wrong_confident run=$0.071 sweep=$13.29
[516/1542] P1-fever hub/down/feverc_003 outcome=correct run=$0.096 sweep=$13.35
[517/1542] P1-fever hub/board/feverc_010 outcome=correct run=$0.005 sweep=$13.39
[518/1542] P1-fever hub/board/feverc_008 outcome=wrong_confident run=$0.018 sweep=$13.39
[519/1542] P1-fever hub/board/feverc_009 outcome=correct run=$0.012 sweep=$13.39
[520/1542] P1-fever hub/board/feverc_006 outcome=correct run=$0.028 sweep=$13.39
[521/1542] P1-fever hub/board/feverc_003 outcome=correct run=$0.040 sweep=$13.39
[522/1542] P1-fever hub/board/feverc_007 outcome=correct run=$0.014 sweep=$13.46
[523/1542] P1-fever hub/down/feverc_042 outcome=correct run=$0.042 sweep=$13.46
[524/1542] P1-fever hub/down/feverc_040 outcome=correct run=$0.052 sweep=$13.54
[525/1542] P1-fever hub/board/feverc_017 outcome=wrong_confident run=$0.013 sweep=$13.56
[526/1542] P1-fever hub/down/feverc_039 outcome=correct run=$0.058 sweep=$13.58
[527/1542] P1-fever hub/down/feverc_044 outcome=correct run=$0.046 sweep=$13.72
[528/1542] P1-fever hub/board/feverc_000 outcome=correct run=$0.037 sweep=$13.81
[529/1542] P1-fever hub/board/feverc_021 outcome=correct run=$0.011 sweep=$13.81
[530/1542] P1-fever hub/board/feverc_020 outcome=wrong_confident run=$0.011 sweep=$13.81
[531/1542] P1-fever hub/board/feverc_023 outcome=wrong_confident run=$0.013 sweep=$13.94
[532/1542] P1-fever hub/board/feverc_018 outcome=correct run=$0.034 sweep=$13.94
[533/1542] P1-fever hub/board/feverc_022 outcome=correct run=$0.023 sweep=$13.94
[534/1542] P1-fever hub/down/feverc_011 outcome=wrong_confident run=$0.095 sweep=$13.94
[535/1542] P1-fever hub/down/feverc_025 outcome=correct run=$0.091 sweep=$13.94
[536/1542] P1-fever hub/down/feverc_043 outcome=correct run=$0.043 sweep=$13.97
[537/1542] P1-fever hub/board/feverc_019 outcome=correct run=$0.040 sweep=$14.04
[538/1542] P1-fever hub/board/feverc_028 outcome=correct run=$0.011 sweep=$14.11
[539/1542] P1-fever hub/board/feverc_026 outcome=wrong_confident run=$0.019 sweep=$14.11
[540/1542] P1-fever hub/board/feverc_001 outcome=correct run=$0.039 sweep=$14.11
[541/1542] P1-fever hub/board/feverc_011 outcome=wrong_confident run=$0.043 sweep=$14.25
[542/1542] P1-fever hub/board/feverc_024 outcome=correct run=$0.023 sweep=$14.28
[543/1542] P1-fever hub/board/feverc_030 outcome=correct run=$0.014 sweep=$14.30
[544/1542] P1-fever hub/board/feverc_032 outcome=wrong_confident run=$0.015 sweep=$14.30
[545/1542] P1-fever hub/board/feverc_033 outcome=correct run=$0.022 sweep=$14.35
[546/1542] P1-fever hub/down/feverc_018 outcome=correct run=$0.116 sweep=$14.42
[547/1542] P1-fever hub/board/feverc_036 outcome=correct run=$0.011 sweep=$14.42
[548/1542] P1-fever hub/board/feverc_014 outcome=wrong_confident run=$0.039 sweep=$14.57
[549/1542] P1-fever hub/board/feverc_016 outcome=correct run=$0.045 sweep=$14.57
[550/1542] P1-fever hub/board/feverc_037 outcome=correct run=$0.016 sweep=$14.59
[551/1542] P1-fever hub/down/feverc_002 outcome=wrong_confident run=$0.101 sweep=$14.59
[552/1542] P1-fever hub/board/feverc_035 outcome=wrong_confident run=$0.030 sweep=$14.63
[553/1542] P1-fever hub/board/feverc_038 outcome=wrong_confident run=$0.013 sweep=$14.63
[554/1542] P1-fever hub/board/feverc_041 outcome=correct run=$0.010 sweep=$14.63
[555/1542] P1-fever hub/board/feverc_013 outcome=correct run=$0.041 sweep=$14.63
[556/1542] P1-fever hub/board/feverc_031 outcome=correct run=$0.029 sweep=$14.73
[557/1542] P1-fever hub/board/feverc_040 outcome=correct run=$0.032 sweep=$14.73
[558/1542] P1-fever hub/down/feverc_036 outcome=correct run=$0.089 sweep=$14.80
[559/1542] P1-fever hub/board/feverc_015 outcome=wrong_confident run=$0.053 sweep=$14.80
[560/1542] P1-fever hub/board/feverc_045 outcome=correct run=$0.012 sweep=$14.80
[561/1542] P1-fever hub/board/feverc_043 outcome=correct run=$0.031 sweep=$14.83
[562/1542] P1-fever hub/board/feverc_047 outcome=correct run=$0.015 sweep=$14.83
[563/1542] P1-fever hub/board/feverc_044 outcome=correct run=$0.014 sweep=$14.83
[564/1542] P1-fever hub/extract/feverc_000 outcome=correct run=$0.015 sweep=$14.94
[565/1542] P1-fever hub/extract/feverc_010 outcome=correct run=$0.006 sweep=$14.98
[566/1542] P1-fever hub/extract/feverc_004 outcome=correct run=$0.020 sweep=$15.00
[567/1542] P1-fever hub/down/feverc_046 outcome=wrong_confident run=$0.089 sweep=$15.05
[568/1542] P1-fever hub/extract/feverc_009 outcome=correct run=$0.013 sweep=$15.06
[569/1542] P1-fever hub/extract/feverc_008 outcome=wrong_confident run=$0.013 sweep=$15.11
[570/1542] P1-fever hub/down/feverc_033 outcome=correct run=$0.110 sweep=$15.16
[571/1542] P1-fever hub/down/feverc_027 outcome=wrong_confident run=$0.124 sweep=$15.16
[572/1542] P1-fever hub/extract/feverc_005 outcome=wrong_confident run=$0.022 sweep=$15.21
[573/1542] P1-fever hub/board/feverc_034 outcome=correct run=$0.041 sweep=$15.21
[574/1542] P1-fever hub/extract/feverc_003 outcome=correct run=$0.031 sweep=$15.21
[575/1542] P1-fever hub/extract/feverc_006 outcome=correct run=$0.029 sweep=$15.21
[576/1542] P1-fever hub/extract/feverc_012 outcome=wrong_confident run=$0.015 sweep=$15.26
[577/1542] P1-fever hub/extract/feverc_011 outcome=wrong_confident run=$0.021 sweep=$15.28
[578/1542] P1-fever hub/board/feverc_012 outcome=wrong_confident run=$0.065 sweep=$15.33
[579/1542] P1-fever hub/extract/feverc_016 outcome=correct run=$0.016 sweep=$15.36
[580/1542] P1-fever hub/extract/feverc_020 outcome=wrong_confident run=$0.012 sweep=$15.39
[581/1542] P1-fever hub/board/feverc_046 outcome=correct run=$0.051 sweep=$15.39
[582/1542] P1-fever hub/extract/feverc_023 outcome=wrong_confident run=$0.013 sweep=$15.43
[583/1542] P1-fever hub/extract/feverc_014 outcome=wrong_confident run=$0.014 sweep=$15.43
[584/1542] P1-fever hub/board/feverc_025 outcome=correct run=$0.075 sweep=$15.54
[585/1542] P1-fever hub/extract/feverc_018 outcome=wrong_confident run=$0.040 sweep=$15.75
[586/1542] P1-fever hub/extract/feverc_019 outcome=correct run=$0.056 sweep=$15.78
[587/1542] P1-fever hub/extract/feverc_028 outcome=correct run=$0.017 sweep=$15.78
[588/1542] P1-fever hub/extract/feverc_029 outcome=wrong_confident run=$0.021 sweep=$15.84
[589/1542] P1-fever hub/extract/feverc_025 outcome=correct run=$0.028 sweep=$15.84
[590/1542] P1-fever hub/down/feverc_019 outcome=correct run=$0.138 sweep=$15.84
[591/1542] P1-fever hub/board/feverc_005 outcome=wrong_confident run=$0.087 sweep=$15.84
[592/1542] P1-fever hub/board/feverc_029 outcome=wrong_confident run=$0.071 sweep=$15.87
[593/1542] P1-fever hub/board/feverc_042 outcome=correct run=$0.045 sweep=$15.87
[594/1542] P1-fever hub/extract/feverc_032 outcome=wrong_confident run=$0.018 sweep=$15.91
[595/1542] P1-fever hub/extract/feverc_007 outcome=correct run=$0.052 sweep=$16.09
[596/1542] P1-fever hub/extract/feverc_034 outcome=correct run=$0.017 sweep=$16.09
[597/1542] P1-fever hub/extract/feverc_038 outcome=wrong_confident run=$0.013 sweep=$16.16
[598/1542] P1-fever hub/board/feverc_039 outcome=correct run=$0.022 sweep=$16.16
[599/1542] P1-fever hub/extract/feverc_021 outcome=correct run=$0.038 sweep=$16.22
[600/1542] P1-fever hub/extract/feverc_017 outcome=wrong_confident run=$0.043 sweep=$16.22
[601/1542] P1-fever hub/extract/feverc_039 outcome=correct run=$0.016 sweep=$16.22
[602/1542] P1-fever hub/extract/feverc_041 outcome=correct run=$0.011 sweep=$16.26
[603/1542] P1-fever hub/extract/feverc_036 outcome=correct run=$0.020 sweep=$16.26
[604/1542] P1-fever hub/extract/feverc_040 outcome=correct run=$0.015 sweep=$16.26
[605/1542] P1-fever hub/extract/feverc_035 outcome=wrong_confident run=$0.026 sweep=$16.39
[606/1542] P1-fever hub/board_inert/feverc_000 outcome=correct run=$0.011 sweep=$16.43
[607/1542] P1-fever hub/board_inert/feverc_001 outcome=correct run=$0.013 sweep=$16.46
[608/1542] P1-fever hub/extract/feverc_037 outcome=correct run=$0.028 sweep=$16.46
[609/1542] P1-fever hub/extract/feverc_013 outcome=correct run=$0.049 sweep=$16.46
[610/1542] P1-fever hub/board/feverc_027 outcome=correct run=$0.090 sweep=$16.46
[611/1542] P1-fever hub/extract/feverc_047 outcome=correct run=$0.019 sweep=$16.61
[612/1542] P1-fever hub/extract/feverc_043 outcome=correct run=$0.027 sweep=$16.61
[613/1542] P1-fever hub/board_inert/feverc_007 outcome=correct run=$0.012 sweep=$16.61
[614/1542] P1-fever hub/extract/feverc_046 outcome=wrong_confident run=$0.021 sweep=$16.61
[615/1542] P1-fever hub/board_inert/feverc_008 outcome=wrong_confident run=$0.015 sweep=$16.71
[616/1542] P1-fever hub/board_inert/feverc_010 outcome=correct run=$0.005 sweep=$16.71
[617/1542] P1-fever hub/board_inert/feverc_009 outcome=correct run=$0.011 sweep=$16.71
[618/1542] P1-fever hub/extract/feverc_024 outcome=correct run=$0.060 sweep=$16.76
[619/1542] P1-fever hub/board_inert/feverc_013 outcome=correct run=$0.009 sweep=$16.79
[620/1542] P1-fever hub/board_inert/feverc_005 outcome=wrong_confident run=$0.023 sweep=$16.79
[621/1542] P1-fever hub/extract/feverc_002 outcome=wrong_confident run=$0.084 sweep=$16.83
[622/1542] P1-fever hub/board_inert/feverc_011 outcome=wrong_confident run=$0.025 sweep=$16.94
[623/1542] P1-fever hub/board_inert/feverc_014 outcome=wrong_confident run=$0.012 sweep=$16.94
[624/1542] P1-fever hub/extract/feverc_001 outcome=correct run=$0.063 sweep=$16.94
[625/1542] P1-fever hub/board_inert/feverc_016 outcome=correct run=$0.027 sweep=$17.05
[626/1542] P1-fever hub/board_inert/feverc_020 outcome=wrong_confident run=$0.009 sweep=$17.11
[627/1542] P1-fever hub/extract/feverc_022 outcome=correct run=$0.065 sweep=$17.11
[628/1542] P1-fever hub/board_inert/feverc_023 outcome=wrong_confident run=$0.015 sweep=$17.11
[629/1542] P1-fever hub/board_inert/feverc_021 outcome=correct run=$0.010 sweep=$17.14
[630/1542] P1-fever hub/board_inert/feverc_022 outcome=correct run=$0.031 sweep=$17.20
[631/1542] P1-fever hub/board_inert/feverc_026 outcome=wrong_confident run=$0.015 sweep=$17.20
[632/1542] P1-fever hub/board_inert/feverc_028 outcome=correct run=$0.011 sweep=$17.26
[633/1542] P1-fever hub/extract/feverc_044 outcome=correct run=$0.045 sweep=$17.41
[634/1542] P1-fever hub/board_inert/feverc_004 outcome=correct run=$0.051 sweep=$17.47
[635/1542] P1-fever hub/board_inert/feverc_002 outcome=wrong_confident run=$0.046 sweep=$17.47
[636/1542] P1-fever hub/extract/feverc_031 outcome=correct run=$0.075 sweep=$17.50
[637/1542] P1-fever hub/extract/feverc_026 outcome=wrong_confident run=$0.070 sweep=$17.50
[638/1542] P1-fever hub/extract/feverc_030 outcome=correct run=$0.065 sweep=$17.50
[639/1542] P1-fever hub/board_inert/feverc_025 outcome=correct run=$0.038 sweep=$17.56
[640/1542] P1-fever hub/extract/feverc_045 outcome=correct run=$0.038 sweep=$17.56
[641/1542] P1-fever hub/board_inert/feverc_034 outcome=correct run=$0.017 sweep=$17.63
[642/1542] P1-fever hub/board_inert/feverc_032 outcome=wrong_confident run=$0.029 sweep=$17.66
[643/1542] P1-fever hub/board_inert/feverc_036 outcome=correct run=$0.012 sweep=$17.66
[644/1542] P1-fever hub/board_inert/feverc_037 outcome=correct run=$0.013 sweep=$17.66
[645/1542] P1-fever hub/board_inert/feverc_038 outcome=wrong_confident run=$0.014 sweep=$17.78
[646/1542] P1-fever hub/board_inert/feverc_033 outcome=correct run=$0.018 sweep=$17.78
[647/1542] P1-fever hub/board_inert/feverc_006 outcome=correct run=$0.051 sweep=$17.78
[648/1542] P1-fever hub/board_inert/feverc_041 outcome=correct run=$0.008 sweep=$17.78
[649/1542] P1-fever hub/board_inert/feverc_035 outcome=wrong_confident run=$0.020 sweep=$17.78
[650/1542] P1-fever hub/board_inert/feverc_027 outcome=wrong_confident run=$0.043 sweep=$17.78
[651/1542] P1-fever hub/board_inert/feverc_039 outcome=correct run=$0.016 sweep=$17.88
[652/1542] P1-fever hub/board_inert/feverc_017 outcome=wrong_confident run=$0.052 sweep=$17.95
[653/1542] P1-fever hub/board_inert/feverc_040 outcome=correct run=$0.013 sweep=$17.95
[654/1542] P1-fever hub/extract/feverc_027 outcome=wrong_confident run=$0.083 sweep=$17.95
[655/1542] P1-fever hub/board_inert/feverc_042 outcome=correct run=$0.018 sweep=$17.98
[656/1542] P1-fever hub/board_inert/feverc_024 outcome=correct run=$0.044 sweep=$18.02
[657/1542] P1-fever hub/extract/feverc_015 outcome=wrong_confident run=$0.111 sweep=$18.10
[658/1542] P1-fever hub/board_inert/feverc_019 outcome=correct run=$0.086 sweep=$18.14
[659/1542] P1-fever hub/board_inert/feverc_044 outcome=correct run=$0.038 sweep=$18.20
[660/1542] P1-fever hub/board_inert/feverc_015 outcome=correct run=$0.075 sweep=$18.26
[661/1542] P1-fever hub/board_inert/feverc_003 outcome=correct run=$0.103 sweep=$18.34
[662/1542] P1-fever hub/board_inert/feverc_047 outcome=correct run=$0.045 sweep=$18.36
[663/1542] P1-fever hub/extract/feverc_042 outcome=correct run=$0.041 sweep=$18.37
[664/1542] P1-fever hub/board_inert/feverc_012 outcome=wrong_confident run=$0.097 sweep=$18.40
[665/1542] P1-fever hub/board_inert/feverc_030 outcome=correct run=$0.065 sweep=$18.44
[666/1542] P1-fever hub/board_inert/feverc_029 outcome=wrong_confident run=$0.019 sweep=$18.47
[667/1542] P1-fever hub/board_inert/feverc_045 outcome=correct run=$0.043 sweep=$18.52
[668/1542] P1-fever hub/extract/feverc_033 outcome=correct run=$0.092 sweep=$18.52
[669/1542] P1-fever hub/board_inert/feverc_043 outcome=correct run=$0.065 sweep=$18.55
[670/1542] P1-fever hub/board_inert/feverc_018 outcome=wrong_confident run=$0.087 sweep=$18.62
[671/1542] P1-fever hub/board_inert/feverc_046 outcome=correct run=$0.074 sweep=$18.71
[672/1542] P1-fever hub/board_inert/feverc_031 outcome=correct run=$0.104 sweep=$18.76
== P1-fever complete in 172 min; sweep spend $18.77
== P2-fanoutqa: 480/480 jobs to run
[673/1542] P2-fanoutqa hub/vanilla/fanout_004 outcome=correct run=$0.014 sweep=$18.97
[674/1542] P2-fanoutqa hub/vanilla/fanout_008 outcome=wrong_confident run=$0.015 sweep=$19.05
[675/1542] P2-fanoutqa hub/vanilla/fanout_003 outcome=wrong_confident run=$0.015 sweep=$19.05
[676/1542] P2-fanoutqa hub/vanilla/fanout_000 outcome=correct run=$0.022 sweep=$19.05
[677/1542] P2-fanoutqa hub/vanilla/fanout_019 outcome=wrong_confident run=$0.014 sweep=$19.15
[678/1542] P2-fanoutqa hub/vanilla/fanout_018 outcome=wrong_confident run=$0.015 sweep=$19.15
[679/1542] P2-fanoutqa hub/vanilla/fanout_014 outcome=wrong_confident run=$0.015 sweep=$19.15
[680/1542] P2-fanoutqa hub/vanilla/fanout_020 outcome=wrong_confident run=$0.018 sweep=$19.15
[681/1542] P2-fanoutqa hub/vanilla/fanout_015 outcome=wrong_confident run=$0.020 sweep=$19.20
[682/1542] P2-fanoutqa hub/vanilla/fanout_002 outcome=correct run=$0.036 sweep=$19.30
[683/1542] P2-fanoutqa hub/vanilla/fanout_021 outcome=wrong_confident run=$0.029 sweep=$19.36
[684/1542] P2-fanoutqa hub/vanilla/fanout_011 outcome=wrong_confident run=$0.068 sweep=$19.41
[685/1542] P2-fanoutqa hub/vanilla/fanout_026 outcome=correct run=$0.040 sweep=$19.46
[686/1542] P2-fanoutqa hub/vanilla/fanout_033 outcome=wrong_confident run=$0.015 sweep=$19.50
[687/1542] P2-fanoutqa hub/vanilla/fanout_031 outcome=wrong_confident run=$0.029 sweep=$19.50
[688/1542] P2-fanoutqa hub/vanilla/fanout_006 outcome=wrong_confident run=$0.044 sweep=$19.55
[689/1542] P2-fanoutqa hub/vanilla/fanout_030 outcome=correct run=$0.027 sweep=$19.55
[690/1542] P2-fanoutqa hub/vanilla/fanout_001 outcome=wrong_confident run=$0.052 sweep=$19.59
[691/1542] P2-fanoutqa hub/vanilla/fanout_032 outcome=wrong_confident run=$0.017 sweep=$19.59
[692/1542] P2-fanoutqa hub/vanilla/fanout_037 outcome=wrong_confident run=$0.020 sweep=$19.62
[693/1542] P2-fanoutqa hub/vanilla/fanout_040 outcome=correct run=$0.026 sweep=$19.74
[694/1542] P2-fanoutqa hub/vanilla/fanout_023 outcome=wrong_confident run=$0.057 sweep=$19.74
[695/1542] P2-fanoutqa hub/vanilla/fanout_009 outcome=wrong_confident run=$0.075 sweep=$19.79
[696/1542] P2-fanoutqa hub/vanilla/fanout_012 outcome=abstained run=$0.062 sweep=$19.89
[697/1542] P2-fanoutqa hub/vanilla/fanout_028 outcome=wrong_confident run=$0.058 sweep=$19.89
[698/1542] P2-fanoutqa hub/vanilla/fanout_025 outcome=correct run=$0.058 sweep=$19.99
[699/1542] P2-fanoutqa hub/vanilla/fanout_046 outcome=wrong_confident run=$0.015 sweep=$20.13
[700/1542] P2-fanoutqa hub/vanilla/fanout_045 outcome=correct run=$0.029 sweep=$20.13
[701/1542] P2-fanoutqa hub/vanilla/fanout_005 outcome=correct run=$0.046 sweep=$20.21
[702/1542] P2-fanoutqa hub/vanilla/fanout_036 outcome=wrong_confident run=$0.062 sweep=$20.21
[703/1542] P2-fanoutqa hub/vanilla/fanout_017 outcome=wrong_confident run=$0.063 sweep=$20.21
[704/1542] P2-fanoutqa hub/vanilla/fanout_048 outcome=wrong_confident run=$0.021 sweep=$20.34
[705/1542] P2-fanoutqa hub/vanilla/fanout_049 outcome=wrong_confident run=$0.014 sweep=$20.40
[706/1542] P2-fanoutqa hub/vanilla/fanout_035 outcome=correct run=$0.043 sweep=$20.51
[707/1542] P2-fanoutqa hub/vanilla/fanout_024 outcome=wrong_confident run=$0.062 sweep=$20.61
[708/1542] P2-fanoutqa hub/vanilla/fanout_022 outcome=wrong_confident run=$0.058 sweep=$20.67
[709/1542] P2-fanoutqa hub/vanilla/fanout_016 outcome=wrong_confident run=$0.061 sweep=$20.67
[710/1542] P2-fanoutqa hub/vanilla/fanout_050 outcome=wrong_confident run=$0.023 sweep=$20.67
[711/1542] P2-fanoutqa hub/vanilla/fanout_029 outcome=wrong_confident run=$0.067 sweep=$20.94
[712/1542] P2-fanoutqa hub/vanilla/fanout_047 outcome=correct run=$0.033 sweep=$21.03
[713/1542] P2-fanoutqa hub/vanilla/fanout_061 outcome=wrong_confident run=$0.026 sweep=$21.03
[714/1542] P2-fanoutqa hub/vanilla/fanout_062 outcome=wrong_confident run=$0.016 sweep=$21.24
[715/1542] P2-fanoutqa hub/vanilla/fanout_038 outcome=correct run=$0.083 sweep=$21.27
[716/1542] P2-fanoutqa hub/vanilla/fanout_027 outcome=wrong_confident run=$0.083 sweep=$21.27
[717/1542] P2-fanoutqa hub/vanilla/fanout_013 outcome=wrong_confident run=$0.077 sweep=$21.27
[718/1542] P2-fanoutqa hub/vanilla/fanout_064 outcome=correct run=$0.020 sweep=$21.33
[719/1542] P2-fanoutqa hub/vanilla/fanout_043 outcome=wrong_confident run=$0.073 sweep=$21.33
[720/1542] P2-fanoutqa hub/vanilla/fanout_051 outcome=wrong_confident run=$0.050 sweep=$21.33
[721/1542] P2-fanoutqa hub/vanilla/fanout_039 outcome=wrong_confident run=$0.064 sweep=$21.39
[722/1542] P2-fanoutqa hub/vanilla/fanout_053 outcome=wrong_confident run=$0.044 sweep=$21.39
[723/1542] P2-fanoutqa hub/vanilla/fanout_065 outcome=correct run=$0.023 sweep=$21.55
[724/1542] P2-fanoutqa hub/vanilla/fanout_058 outcome=wrong_confident run=$0.048 sweep=$21.75
[725/1542] P2-fanoutqa hub/vanilla/fanout_072 outcome=correct run=$0.015 sweep=$21.85
[726/1542] P2-fanoutqa hub/vanilla/fanout_034 outcome=correct run=$0.070 sweep=$21.89
[727/1542] P2-fanoutqa hub/vanilla/fanout_067 outcome=wrong_confident run=$0.042 sweep=$21.89
[728/1542] P2-fanoutqa hub/vanilla/fanout_052 outcome=wrong_confident run=$0.087 sweep=$22.01
[729/1542] P2-fanoutqa hub/vanilla/fanout_060 outcome=wrong_confident run=$0.088 sweep=$22.01
[730/1542] P2-fanoutqa hub/vanilla/fanout_071 outcome=correct run=$0.022 sweep=$22.01
[731/1542] P2-fanoutqa hub/vanilla/fanout_075 outcome=correct run=$0.019 sweep=$22.05
[732/1542] P2-fanoutqa hub/vanilla/fanout_010 outcome=wrong_confident run=$0.186 sweep=$22.08
[733/1542] P2-fanoutqa hub/full/fanout_000 outcome=correct run=$0.019 sweep=$22.14
[734/1542] P2-fanoutqa hub/vanilla/fanout_059 outcome=wrong_confident run=$0.071 sweep=$22.23
[735/1542] P2-fanoutqa hub/full/fanout_004 outcome=correct run=$0.015 sweep=$22.31
[736/1542] P2-fanoutqa hub/vanilla/fanout_078 outcome=correct run=$0.055 sweep=$22.41
[737/1542] P2-fanoutqa hub/vanilla/fanout_041 outcome=wrong_confident run=$0.108 sweep=$22.41
[738/1542] P2-fanoutqa hub/vanilla/fanout_069 outcome=wrong_confident run=$0.071 sweep=$22.50
[739/1542] P2-fanoutqa hub/vanilla/fanout_044 outcome=wrong_confident run=$0.094 sweep=$22.55
[740/1542] P2-fanoutqa hub/vanilla/fanout_068 outcome=correct run=$0.046 sweep=$22.58
[741/1542] P2-fanoutqa hub/vanilla/fanout_070 outcome=correct run=$0.047 sweep=$22.63
[742/1542] P2-fanoutqa hub/vanilla/fanout_057 outcome=wrong_confident run=$0.086 sweep=$22.68
[743/1542] P2-fanoutqa hub/full/fanout_008 outcome=wrong_confident run=$0.018 sweep=$22.68
[744/1542] P2-fanoutqa hub/full/fanout_003 outcome=wrong_confident run=$0.051 sweep=$22.95
[745/1542] P2-fanoutqa hub/full/fanout_013 outcome=wrong_confident run=$0.017 sweep=$22.99
[746/1542] P2-fanoutqa hub/vanilla/fanout_074 outcome=wrong_confident run=$0.067 sweep=$22.99
[747/1542] P2-fanoutqa hub/vanilla/fanout_056 outcome=wrong_confident run=$0.119 sweep=$22.99
[748/1542] P2-fanoutqa hub/full/fanout_002 outcome=correct run=$0.056 sweep=$23.04
[749/1542] P2-fanoutqa hub/vanilla/fanout_076 outcome=wrong_confident run=$0.042 sweep=$23.10
[750/1542] P2-fanoutqa hub/full/fanout_015 outcome=wrong_confident run=$0.024 sweep=$23.22
[751/1542] P2-fanoutqa hub/full/fanout_018 outcome=wrong_confident run=$0.013 sweep=$23.24
[752/1542] P2-fanoutqa hub/vanilla/fanout_055 outcome=wrong_confident run=$0.097 sweep=$23.24
[753/1542] P2-fanoutqa hub/full/fanout_011 outcome=wrong_confident run=$0.052 sweep=$23.24
[754/1542] P2-fanoutqa hub/vanilla/fanout_007 outcome=wrong_confident run=$0.125 sweep=$23.31
[755/1542] P2-fanoutqa hub/full/fanout_009 outcome=wrong_confident run=$0.055 sweep=$23.31
[756/1542] P2-fanoutqa hub/full/fanout_001 outcome=wrong_confident run=$0.067 sweep=$23.50
[757/1542] P2-fanoutqa hub/full/fanout_012 outcome=wrong_confident run=$0.055 sweep=$23.56
[758/1542] P2-fanoutqa hub/full/fanout_022 outcome=correct run=$0.042 sweep=$23.66
[759/1542] P2-fanoutqa hub/full/fanout_014 outcome=wrong_confident run=$0.047 sweep=$23.70
[760/1542] P2-fanoutqa hub/full/fanout_028 outcome=correct run=$0.018 sweep=$23.80
[761/1542] P2-fanoutqa hub/full/fanout_027 outcome=wrong_confident run=$0.028 sweep=$23.91
[762/1542] P2-fanoutqa hub/vanilla/fanout_042 outcome=correct run=$0.166 sweep=$23.99
[763/1542] P2-fanoutqa hub/full/fanout_006 outcome=wrong_confident run=$0.092 sweep=$24.04
[764/1542] P2-fanoutqa hub/vanilla/fanout_066 outcome=correct run=$0.091 sweep=$24.26
[765/1542] P2-fanoutqa hub/vanilla/fanout_063 outcome=wrong_confident run=$0.132 sweep=$24.26
[766/1542] P2-fanoutqa hub/full/fanout_033 outcome=correct run=$0.023 sweep=$24.29
[767/1542] P2-fanoutqa hub/full/fanout_031 outcome=wrong_confident run=$0.037 sweep=$24.29
[768/1542] P2-fanoutqa hub/full/fanout_016 outcome=wrong_confident run=$0.067 sweep=$24.34
[769/1542] P2-fanoutqa hub/full/fanout_007 outcome=wrong_confident run=$0.080 sweep=$24.39
[770/1542] P2-fanoutqa hub/full/fanout_037 outcome=wrong_confident run=$0.022 sweep=$24.45
[771/1542] P2-fanoutqa hub/full/fanout_035 outcome=correct run=$0.019 sweep=$24.47
[772/1542] P2-fanoutqa hub/vanilla/fanout_079 outcome=abstained run=$0.096 sweep=$24.62
[773/1542] P2-fanoutqa hub/full/fanout_024 outcome=wrong_confident run=$0.041 sweep=$24.62
[774/1542] P2-fanoutqa hub/full/fanout_025 outcome=correct run=$0.070 sweep=$24.65
[775/1542] P2-fanoutqa hub/full/fanout_030 outcome=correct run=$0.062 sweep=$24.66
[776/1542] P2-fanoutqa hub/full/fanout_010 outcome=wrong_confident run=$0.145 sweep=$24.87
[777/1542] P2-fanoutqa hub/full/fanout_043 outcome=wrong_confident run=$0.036 sweep=$24.87
[778/1542] P2-fanoutqa hub/vanilla/fanout_073 outcome=wrong_confident run=$0.117 sweep=$24.96
[779/1542] P2-fanoutqa hub/full/fanout_048 outcome=wrong_confident run=$0.026 sweep=$25.24
[780/1542] P2-fanoutqa hub/full/fanout_019 outcome=wrong_confident run=$0.072 sweep=$25.24
[781/1542] P2-fanoutqa hub/full/fanout_020 outcome=wrong_confident run=$0.073 sweep=$25.24
[782/1542] P2-fanoutqa hub/full/fanout_026 outcome=correct run=$0.059 sweep=$25.37
[783/1542] P2-fanoutqa hub/full/fanout_029 outcome=wrong_confident run=$0.086 sweep=$25.46
[784/1542] P2-fanoutqa hub/full/fanout_017 outcome=wrong_confident run=$0.083 sweep=$25.46
[785/1542] P2-fanoutqa hub/full/fanout_005 outcome=correct run=$0.092 sweep=$25.63
[786/1542] P2-fanoutqa hub/full/fanout_038 outcome=wrong_confident run=$0.053 sweep=$25.89
[787/1542] P2-fanoutqa hub/full/fanout_032 outcome=wrong_confident run=$0.071 sweep=$26.05
[788/1542] P2-fanoutqa hub/full/fanout_049 outcome=wrong_confident run=$0.037 sweep=$26.05
[789/1542] P2-fanoutqa hub/vanilla/fanout_077 outcome=abstained run=$0.084 sweep=$26.14
[790/1542] P2-fanoutqa hub/full/fanout_044 outcome=wrong_confident run=$0.082 sweep=$26.25
[791/1542] P2-fanoutqa hub/vanilla/fanout_054 outcome=wrong_confident run=$0.255 sweep=$26.59
[792/1542] P2-fanoutqa hub/full/fanout_045 outcome=correct run=$0.094 sweep=$26.59
[793/1542] P2-fanoutqa hub/full/fanout_040 outcome=correct run=$0.089 sweep=$26.85
[794/1542] P2-fanoutqa hub/full/fanout_060 outcome=wrong_confident run=$0.059 sweep=$26.94
[795/1542] P2-fanoutqa hub/full/fanout_063 outcome=correct run=$0.036 sweep=$27.03
[796/1542] P2-fanoutqa hub/full/fanout_039 outcome=wrong_confident run=$0.139 sweep=$27.03
[797/1542] P2-fanoutqa hub/full/fanout_023 outcome=wrong_confident run=$0.141 sweep=$27.09
[798/1542] P2-fanoutqa hub/full/fanout_050 outcome=wrong_confident run=$0.064 sweep=$27.16
[799/1542] P2-fanoutqa hub/full/fanout_059 outcome=wrong_confident run=$0.054 sweep=$27.20
[800/1542] P2-fanoutqa hub/full/fanout_034 outcome=correct run=$0.081 sweep=$27.20
[801/1542] P2-fanoutqa hub/full/fanout_047 outcome=correct run=$0.125 sweep=$27.35
[802/1542] P2-fanoutqa hub/full/fanout_062 outcome=wrong_confident run=$0.050 sweep=$27.41
[803/1542] P2-fanoutqa hub/full/fanout_042 outcome=correct run=$0.154 sweep=$27.53
[804/1542] P2-fanoutqa hub/full/fanout_046 outcome=correct run=$0.103 sweep=$27.58
[805/1542] P2-fanoutqa hub/full/fanout_051 outcome=wrong_confident run=$0.120 sweep=$27.68
[806/1542] P2-fanoutqa hub/full/fanout_067 outcome=wrong_confident run=$0.079 sweep=$27.68
[807/1542] P2-fanoutqa hub/full/fanout_056 outcome=wrong_confident run=$0.100 sweep=$27.75
[808/1542] P2-fanoutqa hub/full/fanout_065 outcome=correct run=$0.057 sweep=$27.91
[809/1542] P2-fanoutqa hub/full/fanout_053 outcome=wrong_confident run=$0.092 sweep=$27.91
[810/1542] P2-fanoutqa hub/full/fanout_061 outcome=wrong_confident run=$0.075 sweep=$28.01
[811/1542] P2-fanoutqa hub/full/fanout_072 outcome=correct run=$0.049 sweep=$28.20
[812/1542] P2-fanoutqa hub/sop/fanout_001 outcome=wrong_confident run=$0.031 sweep=$28.28
[813/1542] P2-fanoutqa hub/full/fanout_069 outcome=wrong_confident run=$0.060 sweep=$28.70
[814/1542] P2-fanoutqa hub/sop/fanout_003 outcome=wrong_confident run=$0.017 sweep=$28.73
[815/1542] P2-fanoutqa hub/full/fanout_079 outcome=wrong_confident run=$0.042 sweep=$28.77
[816/1542] P2-fanoutqa hub/full/fanout_071 outcome=wrong_confident run=$0.055 sweep=$28.82
[817/1542] P2-fanoutqa hub/full/fanout_066 outcome=wrong_confident run=$0.076 sweep=$28.82
[818/1542] P2-fanoutqa hub/sop/fanout_004 outcome=correct run=$0.014 sweep=$28.82
[819/1542] P2-fanoutqa hub/full/fanout_064 outcome=correct run=$0.078 sweep=$28.95
[820/1542] P2-fanoutqa hub/full/fanout_068 outcome=wrong_confident run=$0.108 sweep=$29.05
[821/1542] P2-fanoutqa hub/full/fanout_021 outcome=wrong_confident run=$0.153 sweep=$29.05
[822/1542] P2-fanoutqa hub/full/fanout_070 outcome=correct run=$0.074 sweep=$29.05
[823/1542] P2-fanoutqa hub/full/fanout_075 outcome=correct run=$0.061 sweep=$29.15
[824/1542] P2-fanoutqa hub/sop/fanout_008 outcome=wrong_confident run=$0.014 sweep=$29.15
[825/1542] P2-fanoutqa hub/full/fanout_055 outcome=wrong_confident run=$0.166 sweep=$29.15
[826/1542] P2-fanoutqa hub/full/fanout_041 outcome=wrong_confident run=$0.183 sweep=$29.24
[827/1542] P2-fanoutqa hub/sop/fanout_000 outcome=correct run=$0.049 sweep=$29.32
[828/1542] P2-fanoutqa hub/full/fanout_078 outcome=correct run=$0.063 sweep=$29.32
[829/1542] P2-fanoutqa hub/sop/fanout_006 outcome=wrong_confident run=$0.032 sweep=$29.32
[830/1542] P2-fanoutqa hub/sop/fanout_002 outcome=correct run=$0.049 sweep=$29.47
[831/1542] P2-fanoutqa hub/full/fanout_073 outcome=wrong_confident run=$0.088 sweep=$29.47
[832/1542] P2-fanoutqa hub/sop/fanout_013 outcome=wrong_confident run=$0.017 sweep=$29.47
[833/1542] P2-fanoutqa hub/sop/fanout_014 outcome=wrong_confident run=$0.017 sweep=$29.60
[834/1542] P2-fanoutqa hub/sop/fanout_016 outcome=wrong_confident run=$0.020 sweep=$29.63
[835/1542] P2-fanoutqa hub/full/fanout_074 outcome=wrong_confident run=$0.068 sweep=$29.63
[836/1542] P2-fanoutqa hub/sop/fanout_019 outcome=wrong_confident run=$0.015 sweep=$29.63
[837/1542] P2-fanoutqa hub/full/fanout_054 outcome=wrong_confident run=$0.203 sweep=$29.63
[838/1542] P2-fanoutqa hub/full/fanout_058 outcome=wrong_confident run=$0.134 sweep=$29.69
[839/1542] P2-fanoutqa hub/sop/fanout_005 outcome=correct run=$0.036 sweep=$29.76
[840/1542] P2-fanoutqa hub/full/fanout_036 outcome=wrong_confident run=$0.245 sweep=$29.85
[841/1542] P2-fanoutqa hub/sop/fanout_021 outcome=wrong_confident run=$0.026 sweep=$29.92
[842/1542] P2-fanoutqa hub/sop/fanout_024 outcome=wrong_confident run=$0.041 sweep=$30.04
[843/1542] P2-fanoutqa hub/sop/fanout_025 outcome=correct run=$0.033 sweep=$30.04
[844/1542] P2-fanoutqa hub/sop/fanout_012 outcome=wrong_confident run=$0.058 sweep=$30.26
[845/1542] P2-fanoutqa hub/sop/fanout_023 outcome=wrong_confident run=$0.048 sweep=$30.29
[846/1542] P2-fanoutqa hub/full/fanout_076 outcome=wrong_confident run=$0.091 sweep=$30.29
[847/1542] P2-fanoutqa hub/sop/fanout_031 outcome=wrong_confident run=$0.027 sweep=$30.35
[848/1542] P2-fanoutqa hub/sop/fanout_027 outcome=wrong_confident run=$0.024 sweep=$30.35
[849/1542] P2-fanoutqa hub/sop/fanout_033 outcome=correct run=$0.030 sweep=$30.55
[850/1542] P2-fanoutqa hub/sop/fanout_018 outcome=wrong_confident run=$0.054 sweep=$30.61
[851/1542] P2-fanoutqa hub/sop/fanout_037 outcome=wrong_confident run=$0.019 sweep=$30.72
[852/1542] P2-fanoutqa hub/sop/fanout_015 outcome=wrong_confident run=$0.055 sweep=$30.82
[853/1542] P2-fanoutqa hub/sop/fanout_038 outcome=wrong_confident run=$0.027 sweep=$30.86
[854/1542] P2-fanoutqa hub/sop/fanout_020 outcome=wrong_confident run=$0.054 sweep=$30.87
[855/1542] P2-fanoutqa hub/sop/fanout_028 outcome=correct run=$0.057 sweep=$30.94
[856/1542] P2-fanoutqa hub/full/fanout_057 outcome=wrong_confident run=$0.170 sweep=$31.01
[857/1542] P2-fanoutqa hub/sop/fanout_017 outcome=wrong_confident run=$0.060 sweep=$31.01
[858/1542] P2-fanoutqa hub/sop/fanout_030 outcome=correct run=$0.055 sweep=$31.11
[859/1542] P2-fanoutqa hub/full/fanout_052 outcome=wrong_confident run=$0.164 sweep=$31.11
[860/1542] P2-fanoutqa hub/sop/fanout_034 outcome=correct run=$0.043 sweep=$31.22
[861/1542] P2-fanoutqa hub/sop/fanout_011 outcome=wrong_confident run=$0.122 sweep=$31.28
resuming sweep (t0=1783664389, spent so far $31.36)
P4 sweep: 1542 jobs total, 861 already done; workers=24, cap=$100.0
== P1-fever: all 672 jobs already done
== P2-fanoutqa: 291/480 jobs to run
