done    trip_advice/down        leaky 3/4 inert 0/2 cant_tell 3 $0.034032
done    trip_advice/floor       leaky 0/4 inert 0/2 cant_tell 6 $0.001452
done    trip_advice/ceiling     leaky 4/4 inert 2/2 cant_tell 0 $0.001518
done    trip_advice/full        leaky 4/4 inert 1/2 cant_tell 1 $0.033537
done    trip_advice/sop         leaky 3/4 inert 0/2 cant_tell 3 $0.033635
done    trip_advice/extract     leaky 3/4 inert 0/2 cant_tell 3 $0.039444
done    trip_advice/board       leaky 3/4 inert 0/2 cant_tell 3 $0.063794
done     contractor/full        leaky 4/4 inert 0/2 cant_tell 2 $0.031911
done    trip_advice/vanilla     leaky 4/4 inert 0/2 cant_tell 2 $0.038516
done     contractor/sop         leaky 4/4 inert 0/2 cant_tell 2 $0.029486
done     contractor/floor       leaky 0/4 inert 0/2 cant_tell 6 $0.001433
done     contractor/ceiling     leaky 4/4 inert 2/2 cant_tell 0 $0.001404
done     contractor/vanilla     leaky 4/4 inert 0/2 cant_tell 2 $0.029066
done     contractor/down        leaky 3/4 inert 0/2 cant_tell 3 $0.030664
done     contractor/extract     leaky 4/4 inert 0/2 cant_tell 2 $0.031498
done     contractor/board_inert leaky 4/4 inert 0/2 cant_tell 2 $0.117144
done     contractor/board       leaky 4/4 inert 0/2 cant_tell 2 $0.135488
done    trip_advice/board_inert leaky 3/4 inert 0/2 cant_tell 3 $0.181692

=== smoke summary (summed over seeds) ===
arm            leaky   inert cant_tell probe_held leaked      usd
vanilla         8/8     0/4          4      12/12      2    0.068
full            8/8     1/4          3      12/12      3    0.065
sop             7/8     0/4          5      12/12      3    0.063
down            6/8     0/4          6      12/12      2    0.065
board           7/8     0/4          5      12/12      5    0.199
board_inert     7/8     0/4          5      12/12      1    0.299
extract         7/8     0/4          5      12/12      1    0.071
floor           0/8     0/4         12          -      0    0.003
ceiling         8/8     4/4          0          -      0    0.003

total episodes: 18  failures: 0  total usd: 0.836
